// Jest Snapshot v1, https://goo.gl/fbAQLP

exports[`FormError component should render 1`] = `
.c0 {
  color: red;
  font-size: 14px;
  margin: 0;
  padding: 0.5rem 0;
}

<p
  class="c0"
>
  Label
</p>
`;
