// Jest Snapshot v1, https://goo.gl/fbAQLP

exports[`ModalFoodFilters component should render 1`] = `null`;
