// Jest Snapshot v1, https://goo.gl/fbAQLP

exports[`PageFood component should render 1`] = `
.c1 {
  color: red;
  list-style: none;
}

.c0 {
  cursor: pointer;
}

.c2 {
  background-color: #288efc;
  border: 0;
  border-radius: 0.25rem;
  color: white;
  cursor: pointer;
  font-size: 1rem;
  height: 45px;
  line-height: 1.2;
  width: 200px;
}

<div>
  <h1>
    meat
  </h1>
  <div>
    <table>
      <thead>
        <tr>
          <th
            class="c0"
          >
            Name
          </th>
          <th
            class="c0"
            data-testid="foodTableCategoryColumn"
          >
            Categories
          </th>
          <th
            class="c0"
          >
            Expires
          </th>
          <th
            class="c0"
          >
            Servings
          </th>
          <th
            class="c0"
          >
            Amend
          </th>
        </tr>
      </thead>
      <tbody>
        <tr>
          <td
            data-testid="foodTableName"
          >
            chicken
          </td>
          <td>
            meat
          </td>
          <td>
            <li
              class="c1"
            >
              12th Oct
            </li>
          </td>
          <td>
            2
          </td>
          <td>
            <button
              data-testid="editButton"
              style="cursor: pointer; margin: 0px 1rem 0px 0px;"
              type="button"
            >
              <img
                alt="edit"
                src="edit.svg"
              />
            </button>
            <button
              data-testid="deleteButton"
              style="cursor: pointer;"
              type="button"
            >
              <img
                alt="delete"
                src="delete.svg"
              />
            </button>
          </td>
        </tr>
        <tr>
          <td
            data-testid="foodTableName"
          >
            steak
          </td>
          <td>
            meat
          </td>
          <td>
            <li
              class="c1"
            >
              9th Apr
            </li>
          </td>
          <td>
            1
          </td>
          <td>
            <button
              data-testid="editButton"
              style="cursor: pointer; margin: 0px 1rem 0px 0px;"
              type="button"
            >
              <img
                alt="edit"
                src="edit.svg"
              />
            </button>
            <button
              data-testid="deleteButton"
              style="cursor: pointer;"
              type="button"
            >
              <img
                alt="delete"
                src="delete.svg"
              />
            </button>
          </td>
        </tr>
      </tbody>
    </table>
  </div>
  <a
    href="/add"
  >
    <button
      class="c2"
      data-testid=""
      type="button"
      width=""
    >
      Add Item
    </button>
  </a>
</div>
`;
