// Jest Snapshot v1, https://goo.gl/fbAQLP

exports[`EditFoodItem component should render 1`] = `
.c6 {
  background-color: #348841;
  border: 0;
  border-radius: 5px;
  color: white;
  cursor: pointer;
  padding: 1rem;
  min-width: 68px;
  background-color: white;
  border: 1px solid #348841;
  color: #348841;
}

.c5 {
  background-color: #348841;
  border: 0;
  border-radius: 5px;
  color: white;
  cursor: pointer;
  padding: 1rem;
  margin: 0 0 1rem;
  min-width: 68px;
  background-color: #B2B2B2;
  color: white;
  cursor: not-allowed;
  margin: 0 0 1rem;
}

.c0 {
  display: -webkit-box;
  display: -webkit-flex;
  display: -ms-flexbox;
  display: flex;
  -webkit-flex-direction: column;
  -ms-flex-direction: column;
  flex-direction: column;
}

.c1 {
  font-weight: normal;
  margin: 0 0 1.5rem;
}

.c2 {
  margin: 0 0 2rem;
  padding: 0;
  list-style: none;
}

.c3 {
  border-bottom: 1px solid #E5E5E5;
  padding: 1rem 0 1rem 3rem;
}

.c3:first-child {
  border-top: 1px solid #E5E5E5;
}

.c4 {
  margin: 0 1rem 0 0;
}

.c4 .rc-checkbox.inner {
  border-color: red;
}

<div
  class="c0"
>
  <h4
    class="c1"
  >
    How many 
    carrots
     servings are you eating?
  </h4>
  <ul
    class="c2"
  >
    <li
      class="c3"
    >
      <span
        class="rc-checkbox c4"
      >
        <input
          class="rc-checkbox-input"
          data-testid="1-0"
          type="checkbox"
          value=""
        />
        <span
          class="rc-checkbox-inner"
        />
      </span>
      Expired 
      24th Jun
    </li>
    <li
      class="c3"
    >
      <span
        class="rc-checkbox c4"
      >
        <input
          class="rc-checkbox-input"
          data-testid="2-0"
          type="checkbox"
          value=""
        />
        <span
          class="rc-checkbox-inner"
        />
      </span>
      Expired 
      26th Jun
    </li>
    <li
      class="c3"
    >
      <span
        class="rc-checkbox c4"
      >
        <input
          class="rc-checkbox-input"
          data-testid="2-1"
          type="checkbox"
          value=""
        />
        <span
          class="rc-checkbox-inner"
        />
      </span>
      Expired 
      26th Jun
    </li>
    <li
      class="c3"
    >
      <span
        class="rc-checkbox c4"
      >
        <input
          class="rc-checkbox-input"
          data-testid="3-0"
          type="checkbox"
          value=""
        />
        <span
          class="rc-checkbox-inner"
        />
      </span>
      Expired 
      29th Jun
    </li>
    <li
      class="c3"
    >
      <span
        class="rc-checkbox c4"
      >
        <input
          class="rc-checkbox-input"
          data-testid="3-1"
          type="checkbox"
          value=""
        />
        <span
          class="rc-checkbox-inner"
        />
      </span>
      Expired 
      29th Jun
    </li>
    <li
      class="c3"
    >
      <span
        class="rc-checkbox c4"
      >
        <input
          class="rc-checkbox-input"
          data-testid="3-2"
          type="checkbox"
          value=""
        />
        <span
          class="rc-checkbox-inner"
        />
      </span>
      Expired 
      29th Jun
    </li>
    <li
      class="c3"
    >
      <span
        class="rc-checkbox c4"
      >
        <input
          class="rc-checkbox-input"
          data-testid="3-3"
          type="checkbox"
          value=""
        />
        <span
          class="rc-checkbox-inner"
        />
      </span>
      Expired 
      29th Jun
    </li>
  </ul>
  <button
    class="sc-AxjAm c5"
    data-testid="editFoodItemSubmit"
    disabled=""
    type="button"
  >
    Eat 
    0
     Carrots
  </button>
  <button
    class="sc-AxjAm c6"
    type="button"
  >
    Cancel
  </button>
</div>
`;
