// Jest Snapshot v1, https://goo.gl/fbAQLP

exports[`ProfilePhoto component should render initials if photo not provided 1`] = `
.c0 {
  -webkit-align-items: center;
  -webkit-box-align: center;
  -ms-flex-align: center;
  align-items: center;
  background-color: #FCBA3B;
  border-radius: 50%;
  display: -webkit-box;
  display: -webkit-flex;
  display: -ms-flexbox;
  display: flex;
  height: 60px;
  -webkit-box-pack: center;
  -webkit-justify-content: center;
  -ms-flex-pack: center;
  justify-content: center;
  width: 60px;
}

.c1 {
  font-size: 1.2rem;
  font-weight: bold;
}

<div
  class="c0"
>
  <span
    class="c1"
  >
    DP
  </span>
</div>
`;
