// Jest Snapshot v1, https://goo.gl/fbAQLP

exports[`Dropdown component should render 1`] = `
.c0 {
  display: -webkit-box;
  display: -webkit-flex;
  display: -ms-flexbox;
  display: flex;
  -webkit-flex-direction: column;
  -ms-flex-direction: column;
  flex-direction: column;
  margin: 0 0 1rem;
}

<div
  class="c0"
>
  
  <select
    data-testid="select"
  >
    <option
      value="meat"
    >
      Meat
    </option>
    <option
      value="vegetables"
    >
      Vegetables
    </option>
    <option
      value="fish"
    >
      Fish
    </option>
  </select>
  
</div>
`;
