// Jest Snapshot v1, https://goo.gl/fbAQLP

exports[`Button component should render 1`] = `
.c0 {
  background-color: #348841;
  border: 0;
  border-radius: 5px;
  color: white;
  cursor: pointer;
  padding: 1rem;
  min-width: 68px;
}

<button
  class="c0"
  type="button"
>
  Click me
</button>
`;
