// Jest Snapshot v1, https://goo.gl/fbAQLP

exports[`Button component should render 1`] = `
.c0 {
  background-color: #288efc;
  border: 0;
  border-radius: 0.25rem;
  color: white;
  cursor: pointer;
  font-size: 1rem;
  height: 45px;
  line-height: 1.2;
  width: 200px;
}

<button
  class="c0"
  data-testid="testButton"
  type="button"
  width=""
>
  Click Me
</button>
`;
