// Jest Snapshot v1, https://goo.gl/fbAQLP

exports[`MobileNavbar should render 1`] = `
.c0 {
  border: 1px solid red;
  display: -webkit-box;
  display: -webkit-flex;
  display: -ms-flexbox;
  display: flex;
  list-style: none;
  padding: 1rem 0;
  margin: 0;
  -webkit-box-pack: space-evenly;
  -webkit-justify-content: space-evenly;
  -ms-flex-pack: space-evenly;
  justify-content: space-evenly;
  max-width: 425px;
}

.c1 {
  color: blue;
}

<ul
  class="c0"
>
  <li
    class="c1"
  >
    <a
      aria-current="page"
      class="active"
      href="/"
    >
      Check Fridge
    </a>
  </li>
  <li
    class="c1"
  >
    <a
      href="/add"
    >
      Add Food
    </a>
  </li>
</ul>
`;
