// Jest Snapshot v1, https://goo.gl/fbAQLP

exports[`Emoji component should render 1`] = `
.c0 {
  font-size: 22px;
  grid-row: 1 / 3;
  text-align: center;
}

<span
  aria-label="avocado"
  class="c0"
  role="img"
>
  ðŸ¥‘
</span>
`;
