// Jest Snapshot v1, https://goo.gl/fbAQLP

exports[`Header component should render 1`] = `
.c0 {
  -webkit-align-items: center;
  -webkit-box-align: center;
  -ms-flex-align: center;
  align-items: center;
  background-color: white;
  box-shadow: 0 4px 8px 0 rgba(0,0,0,0.06);
  display: -webkit-box;
  display: -webkit-flex;
  display: -ms-flexbox;
  display: flex;
  height: 100px;
  -webkit-box-pack: justify;
  -webkit-justify-content: space-between;
  -ms-flex-pack: justify;
  justify-content: space-between;
  padding: 0 24px;
  left: 0;
  position: fixed;
  right: 0;
  top: 0;
  z-index: 2;
}

.c2 {
  color: initial;
  -webkit-text-decoration: none;
  text-decoration: none;
}

.c4 {
  font-size: 25px;
  font-weight: 500;
  margin: 0;
  padding: 0 0 0 14px;
}

.c3 {
  position: relative;
  top: 2px;
  width: 32px;
}

.c1 {
  -webkit-align-items: center;
  -webkit-box-align: center;
  -ms-flex-align: center;
  align-items: center;
  display: -webkit-box;
  display: -webkit-flex;
  display: -ms-flexbox;
  display: flex;
}

.c6 {
  background-color: transparent;
  border: 0;
  cursor: pointer;
  display: -webkit-box;
  display: -webkit-flex;
  display: -ms-flexbox;
  display: flex;
  padding: 0;
}

.c5 {
  position: relative;
  right: 4rem;
}

<div
  class="c0"
>
  <div
    class="c1"
  >
    <a
      aria-current="page"
      class="c2 active"
      href="/"
    >
      <img
        alt="icon"
        class="c3"
        src="icon.svg"
      />
    </a>
    <a
      aria-current="page"
      class="c2 active"
      href="/"
    >
      <h4
        class="c4"
      >
        Pantry
      </h4>
    </a>
  </div>
  <div
    class="c5"
  >
    <button
      class="c6"
      type="button"
    >
      <img
        alt="notifications"
        src="bell.svg"
      />
    </button>
  </div>
</div>
`;
