// Jest Snapshot v1, https://goo.gl/fbAQLP

exports[`CategoryButton component should render 1`] = `
.c1 {
  -webkit-align-items: center;
  -webkit-box-align: center;
  -ms-flex-align: center;
  align-items: center;
  background-color: white;
  border: 1px solid rgba(52,136,65,0.6);
  border-radius: 16px;
  cursor: pointer;
  display: -webkit-box;
  display: -webkit-flex;
  display: -ms-flexbox;
  display: flex;
  height: 115px;
  -webkit-box-pack: center;
  -webkit-justify-content: center;
  -ms-flex-pack: center;
  justify-content: center;
  -webkit-transition: all 0.3s ease 0s;
  transition: all 0.3s ease 0s;
  width: 144px;
}

.c1:hover {
  background-color: #348841;
}

.c2 {
  color: #348841;
  font-size: 18px;
}

.c0:hover .c2 {
  color: white;
}

<button
  class="c0 c1"
  data-testid="categoryCardmeat"
  type="button"
>
  <p
    class="c2"
  >
    Meat
  </p>
</button>
`;
