// Jest Snapshot v1, https://goo.gl/fbAQLP

exports[`Grid component should render 1`] = `
.c0 {
  display: grid;
  grid-column-gap: 1rem;
  grid-template-columns: repeat(4,max-content);
  list-style: none;
  margin: 0;
  padding: 0;
  width: -webkit-max-content;
  width: -moz-max-content;
  width: max-content;
}

.c1 {
  font-size: 18px;
  margin: 0 0 1rem;
}

<ul
  class="c0"
>
  <h5
    class="c1"
  >
    Name
  </h5>
  <h5
    class="c1"
  >
    Expires
  </h5>
  <h5
    class="c1"
  >
    Quantity
  </h5>
  <h5
    class="c1"
  >
    Amend
  </h5>
  <li>
    chicken
  </li>
  <li>
    03/14/2019
  </li>
  <li>
    2
     Servings
  </li>
  <li>
    <img
      alt="delete"
      src="delete.svg"
      style="cursor: pointer;"
    />
  </li>
  <li>
    salmon
  </li>
  <li>
    04/09/2019
  </li>
  <li>
    1
     Servings
  </li>
  <li>
    <img
      alt="delete"
      src="delete.svg"
      style="cursor: pointer;"
    />
  </li>
  <li>
    carrots
  </li>
  <li>
    07/11/2014
  </li>
  <li>
    3
     Servings
  </li>
  <li>
    <img
      alt="delete"
      src="delete.svg"
      style="cursor: pointer;"
    />
  </li>
</ul>
`;
