// Jest Snapshot v1, https://goo.gl/fbAQLP

exports[`PageNotFound component should render 1`] = `
.c0 {
  color: blue;
  text-align: center;
}

.c1 {
  color: red;
  text-align: center;
  display: block;
  font-size: 22px;
}

<div>
  <h1
    class="c0"
  >
    404 - This page does not exist
  </h1>
  <a
    class="c1"
    href="/"
  >
    Return Home
  </a>
</div>
`;
